Archive member included to satisfy reference by file (symbol)

c:/st/stm32cubeide_1.11.0/stm32cubeide/plugins/com.st.stm32cube.ide.mcu.externaltools.gnu-tools-for-stm32.10.3-2021.10.win32_1.0.200.202301161003/tools/bin/../lib/gcc/arm-none-eabi/10.3.1/../../../../arm-none-eabi/lib/thumb/v7e-m+fp/hard\libc_nano.a(lib_a-errno.o)
                              ./Core/Src/syscalls.o (__errno)
c:/st/stm32cubeide_1.11.0/stm32cubeide/plugins/com.st.stm32cube.ide.mcu.externaltools.gnu-tools-for-stm32.10.3-2021.10.win32_1.0.200.202301161003/tools/bin/../lib/gcc/arm-none-eabi/10.3.1/../../../../arm-none-eabi/lib/thumb/v7e-m+fp/hard\libc_nano.a(lib_a-exit.o)
                              c:/st/stm32cubeide_1.11.0/stm32cubeide/plugins/com.st.stm32cube.ide.mcu.externaltools.gnu-tools-for-stm32.10.3-2021.10.win32_1.0.200.202301161003/tools/bin/../lib/gcc/arm-none-eabi/10.3.1/../../../../arm-none-eabi/lib/thumb/v7e-m+fp/hard/crt0.o (exit)
c:/st/stm32cubeide_1.11.0/stm32cubeide/plugins/com.st.stm32cube.ide.mcu.externaltools.gnu-tools-for-stm32.10.3-2021.10.win32_1.0.200.202301161003/tools/bin/../lib/gcc/arm-none-eabi/10.3.1/../../../../arm-none-eabi/lib/thumb/v7e-m+fp/hard\libc_nano.a(lib_a-impure.o)
                              c:/st/stm32cubeide_1.11.0/stm32cubeide/plugins/com.st.stm32cube.ide.mcu.externaltools.gnu-tools-for-stm32.10.3-2021.10.win32_1.0.200.202301161003/tools/bin/../lib/gcc/arm-none-eabi/10.3.1/../../../../arm-none-eabi/lib/thumb/v7e-m+fp/hard\libc_nano.a(lib_a-exit.o) (_global_impure_ptr)
c:/st/stm32cubeide_1.11.0/stm32cubeide/plugins/com.st.stm32cube.ide.mcu.externaltools.gnu-tools-for-stm32.10.3-2021.10.win32_1.0.200.202301161003/tools/bin/../lib/gcc/arm-none-eabi/10.3.1/../../../../arm-none-eabi/lib/thumb/v7e-m+fp/hard\libc_nano.a(lib_a-init.o)
                              c:/st/stm32cubeide_1.11.0/stm32cubeide/plugins/com.st.stm32cube.ide.mcu.externaltools.gnu-tools-for-stm32.10.3-2021.10.win32_1.0.200.202301161003/tools/bin/../lib/gcc/arm-none-eabi/10.3.1/../../../../arm-none-eabi/lib/thumb/v7e-m+fp/hard/crt0.o (__libc_init_array)
c:/st/stm32cubeide_1.11.0/stm32cubeide/plugins/com.st.stm32cube.ide.mcu.externaltools.gnu-tools-for-stm32.10.3-2021.10.win32_1.0.200.202301161003/tools/bin/../lib/gcc/arm-none-eabi/10.3.1/../../../../arm-none-eabi/lib/thumb/v7e-m+fp/hard\libc_nano.a(lib_a-memcpy-stub.o)
                              ./Core/lwjson/src/lwjson/lwjson_stream.o (memcpy)
c:/st/stm32cubeide_1.11.0/stm32cubeide/plugins/com.st.stm32cube.ide.mcu.externaltools.gnu-tools-for-stm32.10.3-2021.10.win32_1.0.200.202301161003/tools/bin/../lib/gcc/arm-none-eabi/10.3.1/../../../../arm-none-eabi/lib/thumb/v7e-m+fp/hard\libc_nano.a(lib_a-memset.o)
                              c:/st/stm32cubeide_1.11.0/stm32cubeide/plugins/com.st.stm32cube.ide.mcu.externaltools.gnu-tools-for-stm32.10.3-2021.10.win32_1.0.200.202301161003/tools/bin/../lib/gcc/arm-none-eabi/10.3.1/../../../../arm-none-eabi/lib/thumb/v7e-m+fp/hard/crt0.o (memset)
c:/st/stm32cubeide_1.11.0/stm32cubeide/plugins/com.st.stm32cube.ide.mcu.externaltools.gnu-tools-for-stm32.10.3-2021.10.win32_1.0.200.202301161003/tools/bin/../lib/gcc/arm-none-eabi/10.3.1/../../../../arm-none-eabi/lib/thumb/v7e-m+fp/hard\libc_nano.a(lib_a-printf.o)
                              ./Core/lwjson/src/lwjson/lwjson_debug.o (printf)
c:/st/stm32cubeide_1.11.0/stm32cubeide/plugins/com.st.stm32cube.ide.mcu.externaltools.gnu-tools-for-stm32.10.3-2021.10.win32_1.0.200.202301161003/tools/bin/../lib/gcc/arm-none-eabi/10.3.1/../../../../arm-none-eabi/lib/thumb/v7e-m+fp/hard\libc_nano.a(lib_a-putchar.o)
                              ./Core/lwjson/src/lwjson/lwjson_debug.o (putchar)
c:/st/stm32cubeide_1.11.0/stm32cubeide/plugins/com.st.stm32cube.ide.mcu.externaltools.gnu-tools-for-stm32.10.3-2021.10.win32_1.0.200.202301161003/tools/bin/../lib/gcc/arm-none-eabi/10.3.1/../../../../arm-none-eabi/lib/thumb/v7e-m+fp/hard\libc_nano.a(lib_a-snprintf.o)
                              ./Core/Src/json_generator.o (snprintf)
c:/st/stm32cubeide_1.11.0/stm32cubeide/plugins/com.st.stm32cube.ide.mcu.externaltools.gnu-tools-for-stm32.10.3-2021.10.win32_1.0.200.202301161003/tools/bin/../lib/gcc/arm-none-eabi/10.3.1/../../../../arm-none-eabi/lib/thumb/v7e-m+fp/hard\libc_nano.a(lib_a-strlen.o)
                              ./Core/lwjson/src/lwjson/lwjson.o (strlen)
c:/st/stm32cubeide_1.11.0/stm32cubeide/plugins/com.st.stm32cube.ide.mcu.externaltools.gnu-tools-for-stm32.10.3-2021.10.win32_1.0.200.202301161003/tools/bin/../lib/gcc/arm-none-eabi/10.3.1/../../../../arm-none-eabi/lib/thumb/v7e-m+fp/hard\libc_nano.a(lib_a-strncmp.o)
                              ./Core/Src/main.o (strncmp)
c:/st/stm32cubeide_1.11.0/stm32cubeide/plugins/com.st.stm32cube.ide.mcu.externaltools.gnu-tools-for-stm32.10.3-2021.10.win32_1.0.200.202301161003/tools/bin/../lib/gcc/arm-none-eabi/10.3.1/../../../../arm-none-eabi/lib/thumb/v7e-m+fp/hard\libc_nano.a(lib_a-strnlen.o)
[...]
Memory Configuration

Name             Origin             Length             Attributes
RAM              0x0000000020000000 0x0000000000018000 xrw
RAM2             0x0000000010000000 0x0000000000008000 xrw
FLASH            0x0000000008000000 0x0000000000100000 xr
*default*        0x0000000000000000 0xffffffffffffffff

Linker script and memory map

LOAD c:/st/stm32cubeide_1.11.0/stm32cubeide/plugins/com.st.stm32cube.ide.mcu.externaltools.gnu-tools-for-stm32.10.3-2021.10.win32_1.0.200.202301161003/tools/bin/../lib/gcc/arm-none-eabi/10.3.1/thumb/v7e-m+fp/hard/crti.o
LOAD c:/st/stm32cubeide_1.11.0/stm32cubeide/plugins/com.st.stm32cube.ide.mcu.externaltools.gnu-tools-for-stm32.10.3-2021.10.win32_1.0.200.202301161003/tools/bin/../lib/gcc/arm-none-eabi/10.3.1/thumb/v7e-m+fp/hard/crtbegin.o
LOAD c:/st/stm32cubeide_1.11.0/stm32cubeide/plugins/com.st.stm32cube.ide.mcu.externaltools.gnu-tools-for-stm32.10.3-2021.10.win32_1.0.200.202301161003/tools/bin/../lib/gcc/arm-none-eabi/10.3.1/../../../../arm-none-eabi/lib/thumb/v7e-m+fp/hard/crt0.o
LOAD ./Core/Src/dma.o
LOAD ./Core/Src/gpio.o
LOAD ./Core/Src/json_generator.o
LOAD ./Core/Src/main.o
LOAD ./Core/Src/stm32l4xx_hal_msp.o
LOAD ./Core/Src/stm32l4xx_it.o
LOAD ./Core/Src/syscalls.o
LOAD ./Core/Src/sysmem.o
LOAD ./Core/Src/system_stm32l4xx.o
LOAD ./Core/Src/usart.o
LOAD ./Core/Startup/startup_stm32l476rgtx.o
LOAD ./Core/lwjson/src/lwjson/lwjson.o
LOAD ./Core/lwjson/src/lwjson/lwjson_debug.o
LOAD ./Core/lwjson/src/lwjson/lwjson_stream.o
LOAD ./Drivers/STM32L4xx_HAL_Driver/Src/stm32l4xx_hal.o
LOAD ./Drivers/STM32L4xx_HAL_Driver/Src/stm32l4xx_hal_cortex.o
LOAD ./Drivers/STM32L4xx_HAL_Driver/Src/stm32l4xx_hal_dma.o
LOAD ./Drivers/STM32L4xx_HAL_Driver/Src/stm32l4xx_hal_dma_ex.o
LOAD ./Drivers/STM32L4xx_HAL_Driver/Src/stm32l4xx_hal_exti.o
LOAD ./Drivers/STM32L4xx_HAL_Driver/Src/stm32l4xx_hal_flash.o
LOAD ./Drivers/STM32L4xx_HAL_Driver/Src/stm32l4xx_hal_flash_ex.o
LOAD ./Drivers/STM32L4xx_HAL_Driver/Src/stm32l4xx_hal_flash_ramfunc.o
LOAD ./Drivers/STM32L4xx_HAL_Driver/Src/stm32l4xx_hal_gpio.o
LOAD ./Drivers/STM32L4xx_HAL_Driver/Src/stm32l4xx_hal_pwr.o
LOAD ./Drivers/STM32L4xx_HAL_Driver/Src/stm32l4xx_hal_pwr_ex.o
LOAD ./Drivers/STM32L4xx_HAL_Driver/Src/stm32l4xx_hal_rcc.o
LOAD ./Drivers/STM32L4xx_HAL_Driver/Src/stm32l4xx_hal_rcc_ex.o
LOAD ./Drivers/STM32L4xx_HAL_Driver/Src/stm32l4xx_hal_tim.o
LOAD ./Drivers/STM32L4xx_HAL_Driver/Src/stm32l4xx_hal_tim_ex.o
LOAD ./Drivers/STM32L4xx_HAL_Driver/Src/stm32l4xx_hal_uart.o
LOAD ./Drivers/STM32L4xx_HAL_Driver/Src/stm32l4xx_hal_uart_ex.o
START GROUP
LOAD c:/st/stm32cubeide_1.11.0/stm32cubeide/plugins/com.st.stm32cube.ide.mcu.externaltools.gnu-tools-for-stm32.10.3-2021.10.win32_1.0.200.202301161003/tools/bin/../lib/gcc/arm-none-eabi/10.3.1/../../../../arm-none-eabi/lib/thumb/v7e-m+fp/hard\libc_nano.a
LOAD c:/st/stm32cubeide_1.11.0/stm32cubeide/plugins/com.st.stm32cube.ide.mcu.externaltools.gnu-tools-for-stm32.10.3-2021.10.win32_1.0.200.202301161003/tools/bin/../lib/gcc/arm-none-eabi/10.3.1/../../../../arm-none-eabi/lib/thumb/v7e-m+fp/hard\libm.a
END GROUP
START GROUP
LOAD c:/st/stm32cubeide_1.11.0/stm32cubeide/plugins/com.st.stm32cube.ide.mcu.externaltools.gnu-tools-for-stm32.10.3-2021.10.win32_1.0.200.202301161003/tools/bin/../lib/gcc/arm-none-eabi/10.3.1/thumb/v7e-m+fp/hard\libgcc.a
LOAD c:/st/stm32cubeide_1.11.0/stm32cubeide/plugins/com.st.stm32cube.ide.mcu.externaltools.gnu-tools-for-stm32.10.3-2021.10.win32_1.0.200.202301161003/tools/bin/../lib/gcc/arm-none-eabi/10.3.1/../../../../arm-none-eabi/lib/thumb/v7e-m+fp/hard\libc_nano.a
END GROUP
START GROUP
LOAD c:/st/stm32cubeide_1.11.0/stm32cubeide/plugins/com.st.stm32cube.ide.mcu.externaltools.gnu-tools-for-stm32.10.3-2021.10.win32_1.0.200.202301161003/tools/bin/../lib/gcc/arm-none-eabi/10.3.1/thumb/v7e-m+fp/hard\libgcc.a
LOAD c:/st/stm32cubeide_1.11.0/stm32cubeide/plugins/com.st.stm32cube.ide.mcu.externaltools.gnu-tools-for-stm32.10.3-2021.10.win32_1.0.200.202301161003/tools/bin/../lib/gcc/arm-none-eabi/10.3.1/../../../../arm-none-eabi/lib/thumb/v7e-m+fp/hard\libc_nano.a
LOAD c:/st/stm32cubeide_1.11.0/stm32cubeide/plugins/com.st.stm32cube.ide.mcu.externaltools.gnu-tools-for-stm32.10.3-2021.10.win32_1.0.200.202301161003/tools/bin/../lib/gcc/arm-none-eabi/10.3.1/../../../../arm-none-eabi/lib/thumb/v7e-m+fp/hard\libnosys.a
END GROUP
START GROUP
LOAD c:/st/stm32cubeide_1.11.0/stm32cubeide/plugins/com.st.stm32cube.ide.mcu.externaltools.gnu-tools-for-stm32.10.3-2021.10.win32_1.0.200.202301161003/tools/bin/../lib/gcc/arm-none-eabi/10.3.1/thumb/v7e-m+fp/hard\libgcc.a
LOAD c:/st/stm32cubeide_1.11.0/stm32cubeide/plugins/com.st.stm32cube.ide.mcu.externaltools.gnu-tools-for-stm32.10.3-2021.10.win32_1.0.200.202301161003/tools/bin/../lib/gcc/arm-none-eabi/10.3.1/../../../../arm-none-eabi/lib/thumb/v7e-m+fp/hard\libc_nano.a
LOAD c:/st/stm32cubeide_1.11.0/stm32cubeide/plugins/com.st.stm32cube.ide.mcu.externaltools.gnu-tools-for-stm32.10.3-2021.10.win32_1.0.200.202301161003/tools/bin/../lib/gcc/arm-none-eabi/10.3.1/../../../../arm-none-eabi/lib/thumb/v7e-m+fp/hard\libnosys.a
END GROUP
LOAD c:/st/stm32cubeide_1.11.0/stm32cubeide/plugins/com.st.stm32cube.ide.mcu.externaltools.gnu-tools-for-stm32.10.3-2021.10.win32_1.0.200.202301161003/tools/bin/../lib/gcc/arm-none-eabi/10.3.1/thumb/v7e-m+fp/hard/crtend.o
LOAD c:/st/stm32cubeide_1.11.0/stm32cubeide/plugins/com.st.stm32cube.ide.mcu.externaltools.gnu-tools-for-stm32.10.3-2021.10.win32_1.0.200.202301161003/tools/bin/../lib/gcc/arm-none-eabi/10.3.1/thumb/v7e-m+fp/hard/crtn.o
                0x0000000020018000                _estack = (ORIGIN (RAM) + LENGTH (RAM))
                0x0000000000000200                _Min_Heap_Size = 0x200
                0x0000000000000400                _Min_Stack_Size = 0x400

.isr_vector     0x0000000008000000      0x188
                0x0000000008000000                . = ALIGN (0x4)
 *(.isr_vector)
 .isr_vector    0x0000000008000000      0x188 ./Core/Startup/startup_stm32l476rgtx.o
                0x0000000008000000                g_pfnVectors
                0x0000000008000188                . = ALIGN (0x4)

.text           0x0000000008000188     0x5714
                0x0000000008000188                . = ALIGN (0x4)
 *(.text)
 .text          0x0000000008000188       0x40 c:/st/stm32cubeide_1.11.0/stm32cubeide/plugins/com.st.stm32cube.ide.mcu.externaltools.gnu-tools-for-stm32.10.3-2021.10.win32_1.0.200.202301161003/tools/bin/../lib/gcc/arm-none-eabi/10.3.1/thumb/v7e-m+fp/hard/crtbegin.o
 .text          0x00000000080001c8       0x10 c:/st/stm32cubeide_1.11.0/stm32cubeide/plugins/com.st.stm32cube.ide.mcu.externaltools.gnu-tools-for-stm32.10.3-2021.10.win32_1.0.200.202301161003/tools/bin/../lib/gcc/arm-none-eabi/10.3.1/../../../../arm-none-eabi/lib/thumb/v7e-m+fp/hard\libc_nano.a(lib_a-strlen.o)
                0x00000000080001c8                strlen
 .text          0x00000000080001d8      0x378 c:/st/stm32cubeide_1.11.0/stm32cubeide/plugins/com.st.stm32cube.ide.mcu.externaltools.gnu-tools-for-stm32.10.3-2021.10.win32_1.0.200.202301161003/tools/bin/../lib/gcc/arm-none-eabi/10.3.1/thumb/v7e-m+fp/hard\libgcc.a(_arm_addsubdf3.o)
                0x00000000080001d8                __aeabi_drsub
                0x00000000080001e0                __aeabi_dsub
                0x00000000080001e0                __subdf3
                0x00000000080001e4                __aeabi_dadd
                0x00000000080001e4                __adddf3
                0x000000000800045c                __floatunsidf
                0x000000000800045c                __aeabi_ui2d
                0x000000000800047c                __floatsidf
                0x000000000800047c                __aeabi_i2d
                0x00000000080004a0                __aeabi_f2d
                0x00000000080004a0                __extendsfdf2
                0x00000000080004e4                __floatundidf
                0x00000000080004e4                __aeabi_ul2d
                0x00000000080004f4                __floatdidf
                0x00000000080004f4                __aeabi_l2d
 .text          0x0000000008000550       0x30 c:/st/stm32cubeide_1.11.0/stm32cubeide/plugins/com.st.stm32cube.ide.mcu.externaltools.gnu-tools-for-stm32.10.3-2021.10.win32_1.0.200.202301161003/tools/bin/../lib/gcc/arm-none-eabi/10.3.1/thumb/v7e-m+fp/hard\libgcc.a(_aeabi_uldivmod.o)
                0x0000000008000550                __aeabi_uldivmod
 .text          0x0000000008000580       0x28 c:/st/stm32cubeide_1.11.0/stm32cubeide/plugins/com.st.stm32cube.ide.mcu.externaltools.gnu-tools-for-stm32.10.3-2021.10.win32_1.0.200.202301161003/tools/bin/../lib/gcc/arm-none-eabi/10.3.1/thumb/v7e-m+fp/hard\libgcc.a(_fixsfdi.o)
                0x0000000008000580                __fixsfdi
                0x0000000008000580                __aeabi_f2lz
 .text          0x00000000080005a8       0x40 c:/st/stm32cubeide_1.11.0/stm32cubeide/plugins/com.st.stm32cube.ide.mcu.externaltools.gnu-tools-for-stm32.10.3-2021.10.win32_1.0.200.202301161003/tools/bin/../lib/gcc/arm-none-eabi/10.3.1/thumb/v7e-m+fp/hard\libgcc.a(_fixunssfdi.o)
                0x00000000080005a8                __fixunssfdi
                0x00000000080005a8                __aeabi_f2ulz
 .text          0x00000000080005e8      0x2d0 c:/st/stm32cubeide_1.11.0/stm32cubeide/plugins/com.st.stm32cube.ide.mcu.externaltools.gnu-tools-for-stm32.10.3-2021.10.win32_1.0.200.202301161003/tools/bin/../lib/gcc/arm-none-eabi/10.3.1/thumb/v7e-m+fp/hard\libgcc.a(_udivmoddi4.o)
                0x00000000080005e8                __udivmoddi4
 .text          0x00000000080008b8      0x254 c:/st/stm32cubeide_1.11.0/stm32cubeide/plugins/com.st.stm32cube.ide.mcu.externaltools.gnu-tools-for-stm32.10.3-2021.10.win32_1.0.200.202301161003/tools/bin/../lib/gcc/arm-none-eabi/10.3.1/thumb/v7e-m+fp/hard\libgcc.a(_arm_muldf3.o)
                0x00000000080008b8                __muldf3
                0x00000000080008b8                __aeabi_dmul
 .text          0x0000000008000b0c        0x4 c:/st/stm32cubeide_1.11.0/stm32cubeide/plugins/com.st.stm32cube.ide.mcu.externaltools.gnu-tools-for-stm32.10.3-2021.10.win32_1.0.200.202301161003/tools/bin/../lib/gcc/arm-none-eabi/10.3.1/thumb/v7e-m+fp/hard\libgcc.a(_dvmd_tls.o)
                0x0000000008000b0c                __aeabi_idiv0
                0x0000000008000b0c                __aeabi_ldiv0
 .text          0x0000000008000b10       0x40 c:/st/stm32cubeide_1.11.0/stm32cubeide/plugins/com.st.stm32cube.ide.mcu.externaltools.gnu-tools-for-stm32.10.3-2021.10.win32_1.0.200.202301161003/tools/bin/../lib/gcc/arm-none-eabi/10.3.1/thumb/v7e-m+fp/hard\libgcc.a(_arm_fixunsdfsi.o)
                0x0000000008000b10                __aeabi_d2uiz
                0x0000000008000b10                __fixunsdfsi
 *(.text*)
 .text.MX_DMA_Init
                0x0000000008000b50       0x3c ./Core/Src/dma.o
                0x0000000008000b50                MX_DMA_Init
 .text.MX_GPIO_Init
                0x0000000008000b8c      0x108 ./Core/Src/gpio.o
                0x0000000008000b8c                MX_GPIO_Init
 .text.lwjson_get_val_string
                0x0000000008000c94       0x3a ./Core/Src/main.o
 *fill*         0x0000000008000cce        0x2 
 .text.main     0x0000000008000cd0      0x18c ./Core/Src/main.o
                0x0000000008000cd0                main
 .text.SystemClock_Config
                0x0000000008000e5c       0xa2 ./Core/Src/main.o
                0x0000000008000e5c                SystemClock_Config
 *fill*         0x0000000008000efe        0x2 
 .text.HAL_UARTEx_RxEventCallback
                0x0000000008000f00       0x48 ./Core/Src/main.o
                0x0000000008000f00                HAL_UARTEx_RxEventCallback
 .text.Error_Handler
                0x0000000008000f48        0xa ./Core/Src/main.o
                0x0000000008000f48                Error_Handler
 *fill*         0x0000000008000f52        0x2 
 .text.HAL_MspInit
                0x0000000008000f54       0x48 ./Core/Src/stm32l4xx_hal_msp.o
                0x0000000008000f54                HAL_MspInit
 .text.NMI_Handler
                0x0000000008000f9c        0x6 ./Core/Src/stm32l4xx_it.o
                0x0000000008000f9c                NMI_Handler
 .text.HardFault_Handler
                0x0000000008000fa2        0x6 ./Core/Src/stm32l4xx_it.o
                0x0000000008000fa2                HardFault_Handler
 .text.MemManage_Handler
                0x0000000008000fa8        0x6 ./Core/Src/stm32l4xx_it.o
                0x0000000008000fa8                MemManage_Handler
 .text.BusFault_Handler
                0x0000000008000fae        0x6 ./Core/Src/stm32l4xx_it.o
                0x0000000008000fae                BusFault_Handler
 .text.UsageFault_Handler
                0x0000000008000fb4        0x6 ./Core/Src/stm32l4xx_it.o
                0x0000000008000fb4                UsageFault_Handler
 .text.SVC_Handler
                0x0000000008000fba        0xe ./Core/Src/stm32l4xx_it.o
                0x0000000008000fba                SVC_Handler
 .text.DebugMon_Handler
                0x0000000008000fc8        0xe ./Core/Src/stm32l4xx_it.o
                0x0000000008000fc8                DebugMon_Handler
 .text.PendSV_Handler
                0x0000000008000fd6        0xe ./Core/Src/stm32l4xx_it.o
                0x0000000008000fd6                PendSV_Handler
 .text.SysTick_Handler
                0x0000000008000fe4        0xc ./Core/Src/stm32l4xx_it.o
                0x0000000008000fe4                SysTick_Handler
 .text.DMA1_Channel6_IRQHandler
                0x0000000008000ff0       0x14 ./Core/Src/stm32l4xx_it.o
                0x0000000008000ff0                DMA1_Channel6_IRQHandler
 .text.USART2_IRQHandler
                0x0000000008001004       0x14 ./Core/Src/stm32l4xx_it.o
                0x0000000008001004                USART2_IRQHandler
 .text.EXTI15_10_IRQHandler
                0x0000000008001018       0x10 ./Core/Src/stm32l4xx_it.o
                0x0000000008001018                EXTI15_10_IRQHandler
 .text.SystemInit
                0x0000000008001028       0x24 ./Core/Src/system_stm32l4xx.o
                0x0000000008001028                SystemInit
 .text.MX_USART2_UART_Init
                0x000000000800104c       0x60 ./Core/Src/usart.o
                0x000000000800104c                MX_USART2_UART_Init
 .text.HAL_UART_MspInit
                0x00000000080010ac      0x124 ./Core/Src/usart.o
                0x00000000080010ac                HAL_UART_MspInit
 .text.Reset_Handler
                0x00000000080011d0       0x50 ./Core/Startup/startup_stm32l476rgtx.o
                0x00000000080011d0                Reset_Handler
 .text.Default_Handler
                0x0000000008001220        0x2 ./Core/Startup/startup_stm32l476rgtx.o
                0x0000000008001220                RTC_Alarm_IRQHandler
                0x0000000008001220                EXTI2_IRQHandler
                0x0000000008001220                TIM8_TRG_COM_IRQHandler
                0x0000000008001220                TIM8_CC_IRQHandler
                0x0000000008001220                TIM1_CC_IRQHandler
                0x0000000008001220                TSC_IRQHandler
                0x0000000008001220                TAMP_STAMP_IRQHandler
                0x0000000008001220                EXTI3_IRQHandler
                0x0000000008001220                LPTIM2_IRQHandler
                0x0000000008001220                DFSDM1_FLT1_IRQHandler
                0x0000000008001220                I2C3_ER_IRQHandler
                0x0000000008001220                DFSDM1_FLT2_IRQHandler
                0x0000000008001220                EXTI0_IRQHandler
                0x0000000008001220                I2C2_EV_IRQHandler
                0x0000000008001220                CAN1_RX0_IRQHandler
                0x0000000008001220                FPU_IRQHandler
                0x0000000008001220                TIM1_UP_TIM16_IRQHandler
                0x0000000008001220                ADC1_2_IRQHandler
                0x0000000008001220                SPI1_IRQHandler
                0x0000000008001220                TIM6_DAC_IRQHandler
                0x0000000008001220                TIM8_UP_IRQHandler
                0x0000000008001220                DMA2_Channel2_IRQHandler
                0x0000000008001220                DMA1_Channel4_IRQHandler
                0x0000000008001220                SAI2_IRQHandler
                0x0000000008001220                DFSDM1_FLT3_IRQHandler
                0x0000000008001220                USART3_IRQHandler
                0x0000000008001220                DMA1_Channel7_IRQHandler
                0x0000000008001220                CAN1_RX1_IRQHandler
                0x0000000008001220                LCD_IRQHandler
                0x0000000008001220                UART5_IRQHandler
                0x0000000008001220                ADC3_IRQHandler
                0x0000000008001220                TIM4_IRQHandler
                0x0000000008001220                DMA2_Channel1_IRQHandler
                0x0000000008001220                QUADSPI_IRQHandler
                0x0000000008001220                I2C1_EV_IRQHandler
                0x0000000008001220                UART4_IRQHandler
                0x0000000008001220                DMA2_Channel4_IRQHandler
                0x0000000008001220                TIM3_IRQHandler
                0x0000000008001220                RCC_IRQHandler
                0x0000000008001220                DMA1_Channel1_IRQHandler
                0x0000000008001220                Default_Handler
                0x0000000008001220                DMA2_Channel7_IRQHandler
                0x0000000008001220                TIM7_IRQHandler
                0x0000000008001220                SDMMC1_IRQHandler
                0x0000000008001220                TIM5_IRQHandler
                0x0000000008001220                I2C3_EV_IRQHandler
                0x0000000008001220                EXTI9_5_IRQHandler
                0x0000000008001220                RTC_WKUP_IRQHandler
                0x0000000008001220                PVD_PVM_IRQHandler
                0x0000000008001220                SPI2_IRQHandler
                0x0000000008001220                CAN1_TX_IRQHandler
                0x0000000008001220                DMA2_Channel5_IRQHandler
                0x0000000008001220                DMA1_Channel5_IRQHandler
                0x0000000008001220                EXTI4_IRQHandler
                0x0000000008001220                RNG_IRQHandler
                0x0000000008001220                TIM1_TRG_COM_TIM17_IRQHandler
                0x0000000008001220                DMA1_Channel3_IRQHandler
                0x0000000008001220                COMP_IRQHandler
                0x0000000008001220                WWDG_IRQHandler
                0x0000000008001220                LPUART1_IRQHandler
                0x0000000008001220                DMA2_Channel6_IRQHandler
                0x0000000008001220                TIM2_IRQHandler
                0x0000000008001220                EXTI1_IRQHandler
                0x0000000008001220                DFSDM1_FLT0_IRQHandler
                0x0000000008001220                I2C2_ER_IRQHandler
                0x0000000008001220                DMA1_Channel2_IRQHandler
                0x0000000008001220                TIM8_BRK_IRQHandler
                0x0000000008001220                CAN1_SCE_IRQHandler
                0x0000000008001220                FLASH_IRQHandler
                0x0000000008001220                USART1_IRQHandler
                0x0000000008001220                OTG_FS_IRQHandler
                0x0000000008001220                SPI3_IRQHandler
                0x0000000008001220                I2C1_ER_IRQHandler
                0x0000000008001220                FMC_IRQHandler
                0x0000000008001220                SWPMI1_IRQHandler
                0x0000000008001220                LPTIM1_IRQHandler
                0x0000000008001220                SAI1_IRQHandler
                0x0000000008001220                DMA2_Channel3_IRQHandler
                0x0000000008001220                TIM1_BRK_TIM15_IRQHandler
 .text.prv_alloc_token
                0x0000000008001222       0x54 ./Core/lwjson/src/lwjson/lwjson.o
 .text.prv_skip_blank
                0x0000000008001276       0xa4 ./Core/lwjson/src/lwjson/lwjson.o
 *fill*         0x000000000800131a        0x2 
 .text.prv_parse_string
                0x000000000800131c      0x1cc ./Core/lwjson/src/lwjson/lwjson.o
 .text.prv_parse_property_name
                0x00000000080014e8       0x70 ./Core/lwjson/src/lwjson/lwjson.o
 .text.prv_parse_number
                0x0000000008001558      0x2e2 ./Core/lwjson/src/lwjson/lwjson.o
 .text.prv_create_path_segment
                0x000000000800183a       0xe4 ./Core/lwjson/src/lwjson/lwjson.o
 .text.prv_find
                0x000000000800191e      0x16a ./Core/lwjson/src/lwjson/lwjson.o
 .text.prv_check_valid_char_after_open_bracket
                0x0000000008001a88       0xbe ./Core/lwjson/src/lwjson/lwjson.o
 .text.lwjson_init
                0x0000000008001b46       0x46 ./Core/lwjson/src/lwjson/lwjson.o
                0x0000000008001b46                lwjson_init
 .text.lwjson_parse_ex
                0x0000000008001b8c      0x4bc ./Core/lwjson/src/lwjson/lwjson.o
                0x0000000008001b8c                lwjson_parse_ex
 .text.lwjson_parse
                0x0000000008002048       0x26 ./Core/lwjson/src/lwjson/lwjson.o
                0x0000000008002048                lwjson_parse
 .text.lwjson_free
                0x000000000800206e       0x38 ./Core/lwjson/src/lwjson/lwjson.o
                0x000000000800206e                lwjson_free
 .text.lwjson_find
                0x00000000080020a6       0x4a ./Core/lwjson/src/lwjson/lwjson.o
                0x00000000080020a6                lwjson_find
 .text.HAL_Init
                0x00000000080020f0       0x40 ./Drivers/STM32L4xx_HAL_Driver/Src/stm32l4xx_hal.o
                0x00000000080020f0                HAL_Init
 .text.HAL_InitTick
                0x0000000008002130       0x78 ./Drivers/STM32L4xx_HAL_Driver/Src/stm32l4xx_hal.o
                0x0000000008002130                HAL_InitTick
 .text.HAL_IncTick
                0x00000000080021a8       0x28 ./Drivers/STM32L4xx_HAL_Driver/Src/stm32l4xx_hal.o
                0x00000000080021a8                HAL_IncTick
 .text.HAL_GetTick
                0x00000000080021d0       0x18 ./Drivers/STM32L4xx_HAL_Driver/Src/stm32l4xx_hal.o
                0x00000000080021d0                HAL_GetTick
 .text.__NVIC_SetPriorityGrouping
                0x00000000080021e8       0x48 ./Drivers/STM32L4xx_HAL_Driver/Src/stm32l4xx_hal_cortex.o
 .text.__NVIC_GetPriorityGrouping
                0x0000000008002230       0x1c ./Drivers/STM32L4xx_HAL_Driver/Src/stm32l4xx_hal_cortex.o
 .text.__NVIC_EnableIRQ
                0x000000000800224c       0x3c ./Drivers/STM32L4xx_HAL_Driver/Src/stm32l4xx_hal_cortex.o
 .text.__NVIC_SetPriority
                0x0000000008002288       0x54 ./Drivers/STM32L4xx_HAL_Driver/Src/stm32l4xx_hal_cortex.o
 .text.NVIC_EncodePriority
                0x00000000080022dc       0x66 ./Drivers/STM32L4xx_HAL_Driver/Src/stm32l4xx_hal_cortex.o
 *fill*         0x0000000008002342        0x2 
 .text.SysTick_Config
                0x0000000008002344       0x44 ./Drivers/STM32L4xx_HAL_Driver/Src/stm32l4xx_hal_cortex.o
 .text.HAL_NVIC_SetPriorityGrouping
                0x0000000008002388       0x16 ./Drivers/STM32L4xx_HAL_Driver/Src/stm32l4xx_hal_cortex.o
                0x0000000008002388                HAL_NVIC_SetPriorityGrouping
 .text.HAL_NVIC_SetPriority
                0x000000000800239e       0x38 ./Drivers/STM32L4xx_HAL_Driver/Src/stm32l4xx_hal_cortex.o
                0x000000000800239e                HAL_NVIC_SetPriority
 .text.HAL_NVIC_EnableIRQ
                0x00000000080023d6       0x1c ./Drivers/STM32L4xx_HAL_Driver/Src/stm32l4xx_hal_cortex.o
                0x00000000080023d6                HAL_NVIC_EnableIRQ
 .text.HAL_SYSTICK_Config
                0x00000000080023f2       0x18 ./Drivers/STM32L4xx_HAL_Driver/Src/stm32l4xx_hal_cortex.o
                0x00000000080023f2                HAL_SYSTICK_Config
 *fill*         0x000000000800240a        0x2 
 .text.HAL_DMA_Init
                0x000000000800240c      0x170 ./Drivers/STM32L4xx_HAL_Driver/Src/stm32l4xx_hal_dma.o
                0x000000000800240c                HAL_DMA_Init
 .text.HAL_DMA_Start_IT
                0x000000000800257c       0xc0 ./Drivers/STM32L4xx_HAL_Driver/Src/stm32l4xx_hal_dma.o
                0x000000000800257c                HAL_DMA_Start_IT
 .text.HAL_DMA_Abort
                0x000000000800263c       0x7c ./Drivers/STM32L4xx_HAL_Driver/Src/stm32l4xx_hal_dma.o
                0x000000000800263c                HAL_DMA_Abort
 .text.HAL_DMA_Abort_IT
                0x00000000080026b8       0x82 ./Drivers/STM32L4xx_HAL_Driver/Src/stm32l4xx_hal_dma.o
                0x00000000080026b8                HAL_DMA_Abort_IT
 .text.HAL_DMA_IRQHandler
                0x000000000800273a      0x15e ./Drivers/STM32L4xx_HAL_Driver/Src/stm32l4xx_hal_dma.o
                0x000000000800273a                HAL_DMA_IRQHandler
 .text.DMA_SetConfig
                0x0000000008002898       0x60 ./Drivers/STM32L4xx_HAL_Driver/Src/stm32l4xx_hal_dma.o
 .text.HAL_GPIO_Init
                0x00000000080028f8      0x354 ./Drivers/STM32L4xx_HAL_Driver/Src/stm32l4xx_hal_gpio.o
                0x00000000080028f8                HAL_GPIO_Init
 .text.HAL_GPIO_WritePin
                0x0000000008002c4c       0x30 ./Drivers/STM32L4xx_HAL_Driver/Src/stm32l4xx_hal_gpio.o
                0x0000000008002c4c                HAL_GPIO_WritePin
 .text.HAL_GPIO_EXTI_IRQHandler
                0x0000000008002c7c       0x30 ./Drivers/STM32L4xx_HAL_Driver/Src/stm32l4xx_hal_gpio.o
                0x0000000008002c7c                HAL_GPIO_EXTI_IRQHandler
 .text.HAL_GPIO_EXTI_Callback
                0x0000000008002cac       0x16 ./Drivers/STM32L4xx_HAL_Driver/Src/stm32l4xx_hal_gpio.o
                0x0000000008002cac                HAL_GPIO_EXTI_Callback
 *fill*         0x0000000008002cc2        0x2 
 .text.HAL_PWREx_GetVoltageRange
                0x0000000008002cc4       0x1c ./Drivers/STM32L4xx_HAL_Driver/Src/stm32l4xx_hal_pwr_ex.o
                0x0000000008002cc4                HAL_PWREx_GetVoltageRange
 .text.HAL_PWREx_ControlVoltageScaling
                0x0000000008002ce0       0xac ./Drivers/STM32L4xx_HAL_Driver/Src/stm32l4xx_hal_pwr_ex.o
                0x0000000008002ce0                HAL_PWREx_ControlVoltageScaling
 .text.HAL_RCC_OscConfig
                0x0000000008002d8c      0x7b8 ./Drivers/STM32L4xx_HAL_Driver/Src/stm32l4xx_hal_rcc.o
                0x0000000008002d8c                HAL_RCC_OscConfig
 .text.HAL_RCC_ClockConfig
                0x0000000008003544      0x200 ./Drivers/STM32L4xx_HAL_Driver/Src/stm32l4xx_hal_rcc.o
                0x0000000008003544                HAL_RCC_ClockConfig
 .text.HAL_RCC_GetSysClockFreq
                0x0000000008003744      0x118 ./Drivers/STM32L4xx_HAL_Driver/Src/stm32l4xx_hal_rcc.o
                0x0000000008003744                HAL_RCC_GetSysClockFreq
 .text.HAL_RCC_GetHCLKFreq
                0x000000000800385c       0x18 ./Drivers/STM32L4xx_HAL_Driver/Src/stm32l4xx_hal_rcc.o
                0x000000000800385c                HAL_RCC_GetHCLKFreq
 .text.HAL_RCC_GetPCLK1Freq
                0x0000000008003874       0x2c ./Drivers/STM32L4xx_HAL_Driver/Src/stm32l4xx_hal_rcc.o
                0x0000000008003874                HAL_RCC_GetPCLK1Freq
 .text.HAL_RCC_GetPCLK2Freq
                0x00000000080038a0       0x2c ./Drivers/STM32L4xx_HAL_Driver/Src/stm32l4xx_hal_rcc.o
                0x00000000080038a0                HAL_RCC_GetPCLK2Freq
 .text.RCC_SetFlashLatencyFromMSIRange
                0x00000000080038cc       0xc0 ./Drivers/STM32L4xx_HAL_Driver/Src/stm32l4xx_hal_rcc.o
 .text.HAL_RCCEx_PeriphCLKConfig
                0x000000000800398c      0x5d4 ./Drivers/STM32L4xx_HAL_Driver/Src/stm32l4xx_hal_rcc_ex.o
                0x000000000800398c                HAL_RCCEx_PeriphCLKConfig
 .text.RCCEx_PLLSAI1_Config
                0x0000000008003f60      0x1e8 ./Drivers/STM32L4xx_HAL_Driver/Src/stm32l4xx_hal_rcc_ex.o
 .text.RCCEx_PLLSAI2_Config
                0x0000000008004148      0x1bc ./Drivers/STM32L4xx_HAL_Driver/Src/stm32l4xx_hal_rcc_ex.o
 .text.HAL_UART_Init
                0x0000000008004304       0x9c ./Drivers/STM32L4xx_HAL_Driver/Src/stm32l4xx_hal_uart.o
                0x0000000008004304                HAL_UART_Init
 .text.HAL_UART_IRQHandler
                0x00000000080043a0      0x5c4 ./Drivers/STM32L4xx_HAL_Driver/Src/stm32l4xx_hal_uart.o
                0x00000000080043a0                HAL_UART_IRQHandler
 .text.HAL_UART_TxCpltCallback
                0x0000000008004964       0x14 ./Drivers/STM32L4xx_HAL_Driver/Src/stm32l4xx_hal_uart.o
                0x0000000008004964                HAL_UART_TxCpltCallback
 .text.HAL_UART_RxCpltCallback
                0x0000000008004978       0x14 ./Drivers/STM32L4xx_HAL_Driver/Src/stm32l4xx_hal_uart.o
                0x0000000008004978                HAL_UART_RxCpltCallback
 .text.HAL_UART_RxHalfCpltCallback
                0x000000000800498c       0x14 ./Drivers/STM32L4xx_HAL_Driver/Src/stm32l4xx_hal_uart.o
                0x000000000800498c                HAL_UART_RxHalfCpltCallback
 .text.HAL_UART_ErrorCallback
                0x00000000080049a0       0x14 ./Drivers/STM32L4xx_HAL_Driver/Src/stm32l4xx_hal_uart.o
                0x00000000080049a0                HAL_UART_ErrorCallback
 .text.UART_SetConfig
                0x00000000080049b4      0x570 ./Drivers/STM32L4xx_HAL_Driver/Src/stm32l4xx_hal_uart.o
                0x00000000080049b4                UART_SetConfig
 .text.UART_AdvFeatureConfig
                0x0000000008004f24      0x144 ./Drivers/STM32L4xx_HAL_Driver/Src/stm32l4xx_hal_uart.o
                0x0000000008004f24                UART_AdvFeatureConfig
 .text.UART_CheckIdleState
                0x0000000008005068       0x92 ./Drivers/STM32L4xx_HAL_Driver/Src/stm32l4xx_hal_uart.o
                0x0000000008005068                UART_CheckIdleState
 .text.UART_WaitOnFlagUntilTimeout
                0x00000000080050fa      0x188 ./Drivers/STM32L4xx_HAL_Driver/Src/stm32l4xx_hal_uart.o
                0x00000000080050fa                UART_WaitOnFlagUntilTimeout
 *fill*         0x0000000008005282        0x2 
 .text.UART_Start_Receive_DMA
                0x0000000008005284      0x14c ./Drivers/STM32L4xx_HAL_Driver/Src/stm32l4xx_hal_uart.o
                0x0000000008005284                UART_Start_Receive_DMA
 .text.UART_EndTxTransfer
                0x00000000080053d0       0x4c ./Drivers/STM32L4xx_HAL_Driver/Src/stm32l4xx_hal_uart.o
 .text.UART_EndRxTransfer
                0x000000000800541c       0xc6 ./Drivers/STM32L4xx_HAL_Driver/Src/stm32l4xx_hal_uart.o
 .text.UART_DMAReceiveCplt
                0x00000000080054e2      0x124 ./Drivers/STM32L4xx_HAL_Driver/Src/stm32l4xx_hal_uart.o
 .text.UART_DMARxHalfCplt
                0x0000000008005606       0x38 ./Drivers/STM32L4xx_HAL_Driver/Src/stm32l4xx_hal_uart.o
 .text.UART_DMAError
                0x000000000800563e       0x7c ./Drivers/STM32L4xx_HAL_Driver/Src/stm32l4xx_hal_uart.o
 .text.UART_DMAAbortOnError
                0x00000000080056ba       0x2c ./Drivers/STM32L4xx_HAL_Driver/Src/stm32l4xx_hal_uart.o
 .text.UART_EndTransmit_IT
                0x00000000080056e6       0x54 ./Drivers/STM32L4xx_HAL_Driver/Src/stm32l4xx_hal_uart.o
 .text.HAL_UARTEx_WakeupCallback
                0x000000000800573a       0x14 ./Drivers/STM32L4xx_HAL_Driver/Src/stm32l4xx_hal_uart_ex.o
                0x000000000800573a                HAL_UARTEx_WakeupCallback
 .text.HAL_UARTEx_ReceiveToIdle_DMA
                0x000000000800574e       0xb6 ./Drivers/STM32L4xx_HAL_Driver/Src/stm32l4xx_hal_uart_ex.o
                0x000000000800574e                HAL_UARTEx_ReceiveToIdle_DMA
 .text.__libc_init_array
                0x0000000008005804       0x48 c:/st/stm32cubeide_1.11.0/stm32cubeide/plugins/com.st.stm32cube.ide.mcu.externaltools.gnu-tools-for-stm32.10.3-2021.10.win32_1.0.200.202301161003/tools/bin/../lib/gcc/arm-none-eabi/10.3.1/../../../../arm-none-eabi/lib/thumb/v7e-m+fp/hard\libc_nano.a(lib_a-init.o)
                0x0000000008005804                __libc_init_array
 .text.memset   0x000000000800584c       0x10 c:/st/stm32cubeide_1.11.0/stm32cubeide/plugins/com.st.stm32cube.ide.mcu.externaltools.gnu-tools-for-stm32.10.3-2021.10.win32_1.0.200.202301161003/tools/bin/../lib/gcc/arm-none-eabi/10.3.1/../../../../arm-none-eabi/lib/thumb/v7e-m+fp/hard\libc_nano.a(lib_a-memset.o)
                0x000000000800584c                memset
 .text.strncmp  0x000000000800585c       0x28 c:/st/stm32cubeide_1.11.0/stm32cubeide/plugins/com.st.stm32cube.ide.mcu.externaltools.gnu-tools-for-stm32.10.3-2021.10.win32_1.0.200.202301161003/tools/bin/../lib/gcc/arm-none-eabi/10.3.1/../../../../arm-none-eabi/lib/thumb/v7e-m+fp/hard\libc_nano.a(lib_a-strncmp.o)
                0x000000000800585c                strncmp
 *(.glue_7)
 .glue_7        0x0000000008005884        0x0 linker stubs
 *(.glue_7t)
 .glue_7t       0x0000000008005884        0x0 linker stubs
 *(.eh_frame)
 .eh_frame      0x0000000008005884        0x0 c:/st/stm32cubeide_1.11.0/stm32cubeide/plugins/com.st.stm32cube.ide.mcu.externaltools.gnu-tools-for-stm32.10.3-2021.10.win32_1.0.200.202301161003/tools/bin/../lib/gcc/arm-none-eabi/10.3.1/thumb/v7e-m+fp/hard/crtbegin.o
 *(.init)
 .init          0x0000000008005884        0x4 c:/st/stm32cubeide_1.11.0/stm32cubeide/plugins/com.st.stm32cube.ide.mcu.externaltools.gnu-tools-for-stm32.10.3-2021.10.win32_1.0.200.202301161003/tools/bin/../lib/gcc/arm-none-eabi/10.3.1/thumb/v7e-m+fp/hard/crti.o
                0x0000000008005884                _init
 .init          0x0000000008005888        0x8 c:/st/stm32cubeide_1.11.0/stm32cubeide/plugins/com.st.stm32cube.ide.mcu.externaltools.gnu-tools-for-stm32.10.3-2021.10.win32_1.0.200.202301161003/tools/bin/../lib/gcc/arm-none-eabi/10.3.1/thumb/v7e-m+fp/hard/crtn.o
 *(.fini)
 .fini          0x0000000008005890        0x4 c:/st/stm32cubeide_1.11.0/stm32cubeide/plugins/com.st.stm32cube.ide.mcu.externaltools.gnu-tools-for-stm32.10.3-2021.10.win32_1.0.200.202301161003/tools/bin/../lib/gcc/arm-none-eabi/10.3.1/thumb/v7e-m+fp/hard/crti.o
                0x0000000008005890                _fini
 .fini          0x0000000008005894        0x8 c:/st/stm32cubeide_1.11.0/stm32cubeide/plugins/com.st.stm32cube.ide.mcu.externaltools.gnu-tools-for-stm32.10.3-2021.10.win32_1.0.200.202301161003/tools/bin/../lib/gcc/arm-none-eabi/10.3.1/thumb/v7e-m+fp/hard/crtn.o
                0x000000000800589c                . = ALIGN (0x4)
                0x000000000800589c                _etext = .

.vfp11_veneer   0x000000000800589c        0x0
 .vfp11_veneer  0x000000000800589c        0x0 linker stubs

.v4_bx          0x000000000800589c        0x0
 .v4_bx         0x000000000800589c        0x0 linker stubs

.iplt           0x000000000800589c        0x0
 .iplt          0x000000000800589c        0x0 c:/st/stm32cubeide_1.11.0/stm32cubeide/plugins/com.st.stm32cube.ide.mcu.externaltools.gnu-tools-for-stm32.10.3-2021.10.win32_1.0.200.202301161003/tools/bin/../lib/gcc/arm-none-eabi/10.3.1/thumb/v7e-m+fp/hard/crtbegin.o

.rodata         0x000000000800589c       0x80
                0x000000000800589c                . = ALIGN (0x4)
 *(.rodata)
 .rodata        0x000000000800589c       0x1d ./Core/Src/main.o
 *fill*         0x00000000080058b9        0x3 
 .rodata        0x00000000080058bc       0x15 ./Core/lwjson/src/lwjson/lwjson.o
 *(.rodata*)
 *fill*         0x00000000080058d1        0x3 
 .rodata.AHBPrescTable
                0x00000000080058d4       0x10 ./Core/Src/system_stm32l4xx.o
                0x00000000080058d4                AHBPrescTable
 .rodata.APBPrescTable
                0x00000000080058e4        0x8 ./Core/Src/system_stm32l4xx.o
                0x00000000080058e4                APBPrescTable
 .rodata.MSIRangeTable
                0x00000000080058ec       0x30 ./Core/Src/system_stm32l4xx.o
                0x00000000080058ec                MSIRangeTable
                0x000000000800591c                . = ALIGN (0x4)

.ARM.extab      0x000000000800591c        0x0
                0x000000000800591c                . = ALIGN (0x4)
 *(.ARM.extab* .gnu.linkonce.armextab.*)
                0x000000000800591c                . = ALIGN (0x4)

.ARM            0x000000000800591c        0x8
                0x000000000800591c                . = ALIGN (0x4)
                0x000000000800591c                __exidx_start = .
 *(.ARM.exidx*)
 .ARM.exidx     0x000000000800591c        0x8 c:/st/stm32cubeide_1.11.0/stm32cubeide/plugins/com.st.stm32cube.ide.mcu.externaltools.gnu-tools-for-stm32.10.3-2021.10.win32_1.0.200.202301161003/tools/bin/../lib/gcc/arm-none-eabi/10.3.1/thumb/v7e-m+fp/hard\libgcc.a(_udivmoddi4.o)
                0x0000000008005924                __exidx_end = .
                0x0000000008005924                . = ALIGN (0x4)

.rel.dyn        0x0000000008005924        0x0
 .rel.iplt      0x0000000008005924        0x0 c:/st/stm32cubeide_1.11.0/stm32cubeide/plugins/com.st.stm32cube.ide.mcu.externaltools.gnu-tools-for-stm32.10.3-2021.10.win32_1.0.200.202301161003/tools/bin/../lib/gcc/arm-none-eabi/10.3.1/thumb/v7e-m+fp/hard/crtbegin.o

.preinit_array  0x0000000008005924        0x0
                0x0000000008005924                . = ALIGN (0x4)
                0x0000000008005924                PROVIDE (__preinit_array_start = .)
 *(.preinit_array*)
                0x0000000008005924                PROVIDE (__preinit_array_end = .)
                0x0000000008005924                . = ALIGN (0x4)

.init_array     0x0000000008005924        0x4
                0x0000000008005924                . = ALIGN (0x4)
                0x0000000008005924                PROVIDE (__init_array_start = .)
 *(SORT_BY_NAME(.init_array.*))
 *(.init_array*)
 .init_array    0x0000000008005924        0x4 c:/st/stm32cubeide_1.11.0/stm32cubeide/plugins/com.st.stm32cube.ide.mcu.externaltools.gnu-tools-for-stm32.10.3-2021.10.win32_1.0.200.202301161003/tools/bin/../lib/gcc/arm-none-eabi/10.3.1/thumb/v7e-m+fp/hard/crtbegin.o
                0x0000000008005928                PROVIDE (__init_array_end = .)
                0x0000000008005928                . = ALIGN (0x4)

.fini_array     0x0000000008005928        0x4
                0x0000000008005928                . = ALIGN (0x4)
                [!provide]                        PROVIDE (__fini_array_start = .)
 *(SORT_BY_NAME(.fini_array.*))
 *(.fini_array*)
 .fini_array    0x0000000008005928        0x4 c:/st/stm32cubeide_1.11.0/stm32cubeide/plugins/com.st.stm32cube.ide.mcu.externaltools.gnu-tools-for-stm32.10.3-2021.10.win32_1.0.200.202301161003/tools/bin/../lib/gcc/arm-none-eabi/10.3.1/thumb/v7e-m+fp/hard/crtbegin.o
                [!provide]                        PROVIDE (__fini_array_end = .)
                0x000000000800592c                . = ALIGN (0x4)
                0x000000000800592c                _sidata = LOADADDR (.data)

.data           0x0000000020000000        0xc load address 0x000000000800592c
                0x0000000020000000                . = ALIGN (0x4)
                0x0000000020000000                _sdata = .
 *(.data)
 *(.data*)
 .data.SystemCoreClock
                0x0000000020000000        0x4 ./Core/Src/system_stm32l4xx.o
                0x0000000020000000                SystemCoreClock
 .data.uwTickPrio
                0x0000000020000004        0x4 ./Drivers/STM32L4xx_HAL_Driver/Src/stm32l4xx_hal.o
                0x0000000020000004                uwTickPrio
 .data.uwTickFreq
                0x0000000020000008        0x1 ./Drivers/STM32L4xx_HAL_Driver/Src/stm32l4xx_hal.o
                0x0000000020000008                uwTickFreq
 *(.RamFunc)
 *(.RamFunc*)
                0x000000002000000c                . = ALIGN (0x4)
 *fill*         0x0000000020000009        0x3 
                0x000000002000000c                _edata = .

.igot.plt       0x000000002000000c        0x0 load address 0x0000000008005938
 .igot.plt      0x000000002000000c        0x0 c:/st/stm32cubeide_1.11.0/stm32cubeide/plugins/com.st.stm32cube.ide.mcu.externaltools.gnu-tools-for-stm32.10.3-2021.10.win32_1.0.200.202301161003/tools/bin/../lib/gcc/arm-none-eabi/10.3.1/thumb/v7e-m+fp/hard/crtbegin.o
                0x000000002000000c                . = ALIGN (0x4)

.bss            0x0000000020000010      0xe20 load address 0x0000000008005938
                0x0000000020000010                _sbss = .
                0x0000000020000010                __bss_start__ = _sbss
 *(.bss)
 .bss           0x0000000020000010       0x1c c:/st/stm32cubeide_1.11.0/stm32cubeide/plugins/com.st.stm32cube.ide.mcu.externaltools.gnu-tools-for-stm32.10.3-2021.10.win32_1.0.200.202301161003/tools/bin/../lib/gcc/arm-none-eabi/10.3.1/thumb/v7e-m+fp/hard/crtbegin.o
 *(.bss*)
 .bss.rx_buffer
                0x000000002000002c      0x100 ./Core/Src/main.o
                0x000000002000002c                rx_buffer
 .bss.data_received
                0x000000002000012c        0x1 ./Core/Src/main.o
                0x000000002000012c                data_received
 *fill*         0x000000002000012d        0x3 
 .bss.lwjson.1  0x0000000020000130       0x30 ./Core/Src/main.o
 .bss.tokens.0  0x0000000020000160      0xc00 ./Core/Src/main.o
 .bss.huart2    0x0000000020000d60       0x84 ./Core/Src/usart.o
                0x0000000020000d60                huart2
 .bss.hdma_usart2_rx
                0x0000000020000de4       0x48 ./Core/Src/usart.o
                0x0000000020000de4                hdma_usart2_rx
 .bss.uwTick    0x0000000020000e2c        0x4 ./Drivers/STM32L4xx_HAL_Driver/Src/stm32l4xx_hal.o
                0x0000000020000e2c                uwTick
 *(COMMON)
                0x0000000020000e30                . = ALIGN (0x4)
                0x0000000020000e30                _ebss = .
                0x0000000020000e30                __bss_end__ = _ebss

._user_heap_stack
                0x0000000020000e30      0x600 load address 0x0000000008005938
                0x0000000020000e30                . = ALIGN (0x8)
                [!provide]                        PROVIDE (end = .)
                0x0000000020000e30                PROVIDE (_end = .)
                0x0000000020001030                . = (. + _Min_Heap_Size)
 *fill*         0x0000000020000e30      0x200 
                0x0000000020001430                . = (. + _Min_Stack_Size)
 *fill*         0x0000000020001030      0x400 
                0x0000000020001430                . = ALIGN (0x8)

/DISCARD/
 libc.a(*)
 libm.a(*)
 libgcc.a(*)

.ARM.attributes
                0x0000000000000000       0x30
 *(.ARM.attributes)
 .ARM.attributes
                0x0000000000000000       0x1e c:/st/stm32cubeide_1.11.0/stm32cubeide/plugins/com.st.stm32cube.ide.mcu.externaltools.gnu-tools-for-stm32.10.3-2021.10.win32_1.0.200.202301161003/tools/bin/../lib/gcc/arm-none-eabi/10.3.1/thumb/v7e-m+fp/hard/crti.o
 .ARM.attributes
                0x000000000000001e       0x34 c:/st/stm32cubeide_1.11.0/stm32cubeide/plugins/com.st.stm32cube.ide.mcu.externaltools.gnu-tools-for-stm32.10.3-2021.10.win32_1.0.200.202301161003/tools/bin/../lib/gcc/arm-none-eabi/10.3.1/thumb/v7e-m+fp/hard/crtbegin.o
 .ARM.attributes
                0x0000000000000052       0x34 ./Core/Src/dma.o
 .ARM.attributes
                0x0000000000000086       0x34 ./Core/Src/gpio.o
 .ARM.attributes
                0x00000000000000ba       0x34 ./Core/Src/main.o
 .ARM.attributes
                0x00000000000000ee       0x34 ./Core/Src/stm32l4xx_hal_msp.o
 .ARM.attributes
                0x0000000000000122       0x34 ./Core/Src/stm32l4xx_it.o
 .ARM.attributes
                0x0000000000000156       0x34 ./Core/Src/system_stm32l4xx.o
 .ARM.attributes
                0x000000000000018a       0x34 ./Core/Src/usart.o
 .ARM.attributes
                0x00000000000001be       0x21 ./Core/Startup/startup_stm32l476rgtx.o
 .ARM.attributes
                0x00000000000001df       0x34 ./Core/lwjson/src/lwjson/lwjson.o
 .ARM.attributes
                0x0000000000000213       0x34 ./Drivers/STM32L4xx_HAL_Driver/Src/stm32l4xx_hal.o
 .ARM.attributes
                0x0000000000000247       0x34 ./Drivers/STM32L4xx_HAL_Driver/Src/stm32l4xx_hal_cortex.o
 .ARM.attributes
                0x000000000000027b       0x34 ./Drivers/STM32L4xx_HAL_Driver/Src/stm32l4xx_hal_dma.o
 .ARM.attributes
                0x00000000000002af       0x34 ./Drivers/STM32L4xx_HAL_Driver/Src/stm32l4xx_hal_gpio.o
 .ARM.attributes
                0x00000000000002e3       0x34 ./Drivers/STM32L4xx_HAL_Driver/Src/stm32l4xx_hal_pwr_ex.o
 .ARM.attributes
                0x0000000000000317       0x34 ./Drivers/STM32L4xx_HAL_Driver/Src/stm32l4xx_hal_rcc.o
 .ARM.attributes
                0x000000000000034b       0x34 ./Drivers/STM32L4xx_HAL_Driver/Src/stm32l4xx_hal_rcc_ex.o
 .ARM.attributes
                0x000000000000037f       0x34 ./Drivers/STM32L4xx_HAL_Driver/Src/stm32l4xx_hal_uart.o
 .ARM.attributes
                0x00000000000003b3       0x34 ./Drivers/STM32L4xx_HAL_Driver/Src/stm32l4xx_hal_uart_ex.o
 .ARM.attributes
                0x00000000000003e7       0x34 c:/st/stm32cubeide_1.11.0/stm32cubeide/plugins/com.st.stm32cube.ide.mcu.externaltools.gnu-tools-for-stm32.10.3-2021.10.win32_1.0.200.202301161003/tools/bin/../lib/gcc/arm-none-eabi/10.3.1/../../../../arm-none-eabi/lib/thumb/v7e-m+fp/hard\libc_nano.a(lib_a-init.o)
 .ARM.attributes
                0x000000000000041b       0x34 c:/st/stm32cubeide_1.11.0/stm32cubeide/plugins/com.st.stm32cube.ide.mcu.externaltools.gnu-tools-for-stm32.10.3-2021.10.win32_1.0.200.202301161003/tools/bin/../lib/gcc/arm-none-eabi/10.3.1/../../../../arm-none-eabi/lib/thumb/v7e-m+fp/hard\libc_nano.a(lib_a-memset.o)
 .ARM.attributes
                0x000000000000044f       0x17 c:/st/stm32cubeide_1.11.0/stm32cubeide/plugins/com.st.stm32cube.ide.mcu.externaltools.gnu-tools-for-stm32.10.3-2021.10.win32_1.0.200.202301161003/tools/bin/../lib/gcc/arm-none-eabi/10.3.1/../../../../arm-none-eabi/lib/thumb/v7e-m+fp/hard\libc_nano.a(lib_a-strlen.o)
 .ARM.attributes
                0x0000000000000466       0x34 c:/st/stm32cubeide_1.11.0/stm32cubeide/plugins/com.st.stm32cube.ide.mcu.externaltools.gnu-tools-for-stm32.10.3-2021.10.win32_1.0.200.202301161003/tools/bin/../lib/gcc/arm-none-eabi/10.3.1/../../../../arm-none-eabi/lib/thumb/v7e-m+fp/hard\libc_nano.a(lib_a-strncmp.o)
 .ARM.attributes
                0x000000000000049a       0x1e c:/st/stm32cubeide_1.11.0/stm32cubeide/plugins/com.st.stm32cube.ide.mcu.externaltools.gnu-tools-for-stm32.10.3-2021.10.win32_1.0.200.202301161003/tools/bin/../lib/gcc/arm-none-eabi/10.3.1/thumb/v7e-m+fp/hard\libgcc.a(_arm_addsubdf3.o)
 .ARM.attributes
                0x00000000000004b8       0x1e c:/st/stm32cubeide_1.11.0/stm32cubeide/plugins/com.st.stm32cube.ide.mcu.externaltools.gnu-tools-for-stm32.10.3-2021.10.win32_1.0.200.202301161003/tools/bin/../lib/gcc/arm-none-eabi/10.3.1/thumb/v7e-m+fp/hard\libgcc.a(_aeabi_uldivmod.o)
 .ARM.attributes
                0x00000000000004d6       0x34 c:/st/stm32cubeide_1.11.0/stm32cubeide/plugins/com.st.stm32cube.ide.mcu.externaltools.gnu-tools-for-stm32.10.3-2021.10.win32_1.0.200.202301161003/tools/bin/../lib/gcc/arm-none-eabi/10.3.1/thumb/v7e-m+fp/hard\libgcc.a(_fixsfdi.o)
 .ARM.attributes
                0x000000000000050a       0x34 c:/st/stm32cubeide_1.11.0/stm32cubeide/plugins/com.st.stm32cube.ide.mcu.externaltools.gnu-tools-for-stm32.10.3-2021.10.win32_1.0.200.202301161003/tools/bin/../lib/gcc/arm-none-eabi/10.3.1/thumb/v7e-m+fp/hard\libgcc.a(_fixunssfdi.o)
 .ARM.attributes
                0x000000000000053e       0x34 c:/st/stm32cubeide_1.11.0/stm32cubeide/plugins/com.st.stm32cube.ide.mcu.externaltools.gnu-tools-for-stm32.10.3-2021.10.win32_1.0.200.202301161003/tools/bin/../lib/gcc/arm-none-eabi/10.3.1/thumb/v7e-m+fp/hard\libgcc.a(_udivmoddi4.o)
 .ARM.attributes
                0x0000000000000572       0x1e c:/st/stm32cubeide_1.11.0/stm32cubeide/plugins/com.st.stm32cube.ide.mcu.externaltools.gnu-tools-for-stm32.10.3-2021.10.win32_1.0.200.202301161003/tools/bin/../lib/gcc/arm-none-eabi/10.3.1/thumb/v7e-m+fp/hard\libgcc.a(_arm_muldf3.o)
 .ARM.attributes
                0x0000000000000590       0x1e c:/st/stm32cubeide_1.11.0/stm32cubeide/plugins/com.st.stm32cube.ide.mcu.externaltools.gnu-tools-for-stm32.10.3-2021.10.win32_1.0.200.202301161003/tools/bin/../lib/gcc/arm-none-eabi/10.3.1/thumb/v7e-m+fp/hard\libgcc.a(_dvmd_tls.o)
 .ARM.attributes
                0x00000000000005ae       0x1e c:/st/stm32cubeide_1.11.0/stm32cubeide/plugins/com.st.stm32cube.ide.mcu.externaltools.gnu-tools-for-stm32.10.3-2021.10.win32_1.0.200.202301161003/tools/bin/../lib/gcc/arm-none-eabi/10.3.1/thumb/v7e-m+fp/hard\libgcc.a(_arm_fixunsdfsi.o)
 .ARM.attributes
                0x00000000000005cc       0x1e c:/st/stm32cubeide_1.11.0/stm32cubeide/plugins/com.st.stm32cube.ide.mcu.externaltools.gnu-tools-for-stm32.10.3-2021.10.win32_1.0.200.202301161003/tools/bin/../lib/gcc/arm-none-eabi/10.3.1/thumb/v7e-m+fp/hard/crtn.o
OUTPUT(JSON_parser_via_UART.elf elf32-littlearm)
LOAD linker stubs
LOAD c:/st/stm32cubeide_1.11.0/stm32cubeide/plugins/com.st.stm32cube.ide.mcu.externaltools.gnu-tools-for-stm32.10.3-2021.10.win32_1.0.200.202301161003/tools/bin/../lib/gcc/arm-none-eabi/10.3.1/../../../../arm-none-eabi/lib/thumb/v7e-m+fp/hard\libc.a
LOAD c:/st/stm32cubeide_1.11.0/stm32cubeide/plugins/com.st.stm32cube.ide.mcu.externaltools.gnu-tools-for-stm32.10.3-2021.10.win32_1.0.200.202301161003/tools/bin/../lib/gcc/arm-none-eabi/10.3.1/../../../../arm-none-eabi/lib/thumb/v7e-m+fp/hard\libm.a
LOAD c:/st/stm32cubeide_1.11.0/stm32cubeide/plugins/com.st.stm32cube.ide.mcu.externaltools.gnu-tools-for-stm32.10.3-2021.10.win32_1.0.200.202301161003/tools/bin/../lib/gcc/arm-none-eabi/10.3.1/thumb/v7e-m+fp/hard\libgcc.a

.debug_info     0x0000000000000000     0xdf52
 .debug_info    0x0000000000000000      0x552 ./Core/Src/dma.o
 .debug_info    0x0000000000000552      0x756 ./Core/Src/gpio.o
 .debug_info    0x0000000000000ca8      0xe14 ./Core/Src/main.o
 .debug_info    0x0000000000001abc      0x308 ./Core/Src/stm32l4xx_hal_msp.o
 .debug_info    0x0000000000001dc4      0x7a7 ./Core/Src/stm32l4xx_it.o
 .debug_info    0x000000000000256b      0x5c6 ./Core/Src/system_stm32l4xx.o
 .debug_info    0x0000000000002b31     0x100b ./Core/Src/usart.o
 .debug_info    0x0000000000003b3c       0x22 ./Core/Startup/startup_stm32l476rgtx.o
 .debug_info    0x0000000000003b5e      0x93d ./Core/lwjson/src/lwjson/lwjson.o
 .debug_info    0x000000000000449b      0xc57 ./Drivers/STM32L4xx_HAL_Driver/Src/stm32l4xx_hal.o
 .debug_info    0x00000000000050f2      0xe21 ./Drivers/STM32L4xx_HAL_Driver/Src/stm32l4xx_hal_cortex.o
 .debug_info    0x0000000000005f13      0x76a ./Drivers/STM32L4xx_HAL_Driver/Src/stm32l4xx_hal_dma.o
 .debug_info    0x000000000000667d      0x821 ./Drivers/STM32L4xx_HAL_Driver/Src/stm32l4xx_hal_gpio.o
 .debug_info    0x0000000000006e9e      0x9f0 ./Drivers/STM32L4xx_HAL_Driver/Src/stm32l4xx_hal_pwr_ex.o
 .debug_info    0x000000000000788e      0xced ./Drivers/STM32L4xx_HAL_Driver/Src/stm32l4xx_hal_rcc.o
 .debug_info    0x000000000000857b      0xe92 ./Drivers/STM32L4xx_HAL_Driver/Src/stm32l4xx_hal_rcc_ex.o
 .debug_info    0x000000000000940d     0x3d0e ./Drivers/STM32L4xx_HAL_Driver/Src/stm32l4xx_hal_uart.o
 .debug_info    0x000000000000d11b      0xe37 ./Drivers/STM32L4xx_HAL_Driver/Src/stm32l4xx_hal_uart_ex.o

.debug_abbrev   0x0000000000000000     0x2267
 .debug_abbrev  0x0000000000000000       0xf8 ./Core/Src/dma.o
 .debug_abbrev  0x00000000000000f8      0x14f ./Core/Src/gpio.o
 .debug_abbrev  0x0000000000000247      0x2d0 ./Core/Src/main.o
 .debug_abbrev  0x0000000000000517       0xc2 ./Core/Src/stm32l4xx_hal_msp.o
 .debug_abbrev  0x00000000000005d9      0x166 ./Core/Src/stm32l4xx_it.o
 .debug_abbrev  0x000000000000073f      0x116 ./Core/Src/system_stm32l4xx.o
 .debug_abbrev  0x0000000000000855      0x203 ./Core/Src/usart.o
 .debug_abbrev  0x0000000000000a58       0x12 ./Core/Startup/startup_stm32l476rgtx.o
 .debug_abbrev  0x0000000000000a6a      0x26b ./Core/lwjson/src/lwjson/lwjson.o
 .debug_abbrev  0x0000000000000cd5      0x23a ./Drivers/STM32L4xx_HAL_Driver/Src/stm32l4xx_hal.o
 .debug_abbrev  0x0000000000000f0f      0x316 ./Drivers/STM32L4xx_HAL_Driver/Src/stm32l4xx_hal_cortex.o
 .debug_abbrev  0x0000000000001225      0x1d7 ./Drivers/STM32L4xx_HAL_Driver/Src/stm32l4xx_hal_dma.o
 .debug_abbrev  0x00000000000013fc      0x1bb ./Drivers/STM32L4xx_HAL_Driver/Src/stm32l4xx_hal_gpio.o
 .debug_abbrev  0x00000000000015b7      0x1f3 ./Drivers/STM32L4xx_HAL_Driver/Src/stm32l4xx_hal_pwr_ex.o
 .debug_abbrev  0x00000000000017aa      0x2bd ./Drivers/STM32L4xx_HAL_Driver/Src/stm32l4xx_hal_rcc.o
 .debug_abbrev  0x0000000000001a67      0x299 ./Drivers/STM32L4xx_HAL_Driver/Src/stm32l4xx_hal_rcc_ex.o
 .debug_abbrev  0x0000000000001d00      0x2bc ./Drivers/STM32L4xx_HAL_Driver/Src/stm32l4xx_hal_uart.o
 .debug_abbrev  0x0000000000001fbc      0x2ab ./Drivers/STM32L4xx_HAL_Driver/Src/stm32l4xx_hal_uart_ex.o

.debug_aranges  0x0000000000000000      0xa90
 .debug_aranges
                0x0000000000000000       0x20 ./Core/Src/dma.o
 .debug_aranges
                0x0000000000000020       0x20 ./Core/Src/gpio.o
 .debug_aranges
                0x0000000000000040       0x40 ./Core/Src/main.o
 .debug_aranges
                0x0000000000000080       0x20 ./Core/Src/stm32l4xx_hal_msp.o
 .debug_aranges
                0x00000000000000a0       0x78 ./Core/Src/stm32l4xx_it.o
 .debug_aranges
                0x0000000000000118       0x28 ./Core/Src/system_stm32l4xx.o
 .debug_aranges
                0x0000000000000140       0x30 ./Core/Src/usart.o
 .debug_aranges
                0x0000000000000170       0x28 ./Core/Startup/startup_stm32l476rgtx.o
 .debug_aranges
                0x0000000000000198       0x88 ./Core/lwjson/src/lwjson/lwjson.o
 .debug_aranges
                0x0000000000000220      0x130 ./Drivers/STM32L4xx_HAL_Driver/Src/stm32l4xx_hal.o
 .debug_aranges
                0x0000000000000350      0x118 ./Drivers/STM32L4xx_HAL_Driver/Src/stm32l4xx_hal_cortex.o
 .debug_aranges
                0x0000000000000468       0x80 ./Drivers/STM32L4xx_HAL_Driver/Src/stm32l4xx_hal_dma.o
 .debug_aranges
                0x00000000000004e8       0x58 ./Drivers/STM32L4xx_HAL_Driver/Src/stm32l4xx_hal_gpio.o
 .debug_aranges
                0x0000000000000540      0x160 ./Drivers/STM32L4xx_HAL_Driver/Src/stm32l4xx_hal_pwr_ex.o
 .debug_aranges
                0x00000000000006a0       0x90 ./Drivers/STM32L4xx_HAL_Driver/Src/stm32l4xx_hal_rcc.o
 .debug_aranges
                0x0000000000000730       0xc0 ./Drivers/STM32L4xx_HAL_Driver/Src/stm32l4xx_hal_rcc_ex.o
 .debug_aranges
                0x00000000000007f0      0x228 ./Drivers/STM32L4xx_HAL_Driver/Src/stm32l4xx_hal_uart.o
 .debug_aranges
                0x0000000000000a18       0x78 ./Drivers/STM32L4xx_HAL_Driver/Src/stm32l4xx_hal_uart_ex.o

.debug_ranges   0x0000000000000000      0x9a8
 .debug_ranges  0x0000000000000000       0x10 ./Core/Src/dma.o
 .debug_ranges  0x0000000000000010       0x10 ./Core/Src/gpio.o
 .debug_ranges  0x0000000000000020       0x30 ./Core/Src/main.o
 .debug_ranges  0x0000000000000050       0x10 ./Core/Src/stm32l4xx_hal_msp.o
 .debug_ranges  0x0000000000000060       0x68 ./Core/Src/stm32l4xx_it.o
 .debug_ranges  0x00000000000000c8       0x18 ./Core/Src/system_stm32l4xx.o
 .debug_ranges  0x00000000000000e0       0x20 ./Core/Src/usart.o
 .debug_ranges  0x0000000000000100       0x20 ./Core/Startup/startup_stm32l476rgtx.o
 .debug_ranges  0x0000000000000120       0x78 ./Core/lwjson/src/lwjson/lwjson.o
 .debug_ranges  0x0000000000000198      0x120 ./Drivers/STM32L4xx_HAL_Driver/Src/stm32l4xx_hal.o
 .debug_ranges  0x00000000000002b8      0x108 ./Drivers/STM32L4xx_HAL_Driver/Src/stm32l4xx_hal_cortex.o
 .debug_ranges  0x00000000000003c0       0x70 ./Drivers/STM32L4xx_HAL_Driver/Src/stm32l4xx_hal_dma.o
 .debug_ranges  0x0000000000000430       0x48 ./Drivers/STM32L4xx_HAL_Driver/Src/stm32l4xx_hal_gpio.o
 .debug_ranges  0x0000000000000478      0x150 ./Drivers/STM32L4xx_HAL_Driver/Src/stm32l4xx_hal_pwr_ex.o
 .debug_ranges  0x00000000000005c8       0x80 ./Drivers/STM32L4xx_HAL_Driver/Src/stm32l4xx_hal_rcc.o
 .debug_ranges  0x0000000000000648       0xb0 ./Drivers/STM32L4xx_HAL_Driver/Src/stm32l4xx_hal_rcc_ex.o
 .debug_ranges  0x00000000000006f8      0x248 ./Drivers/STM32L4xx_HAL_Driver/Src/stm32l4xx_hal_uart.o
 .debug_ranges  0x0000000000000940       0x68 ./Drivers/STM32L4xx_HAL_Driver/Src/stm32l4xx_hal_uart_ex.o

.debug_macro    0x0000000000000000    0x2578e
 .debug_macro   0x0000000000000000      0x1c5 ./Core/Src/dma.o
 .debug_macro   0x00000000000001c5      0xa78 ./Core/Src/dma.o
 .debug_macro   0x0000000000000c3d      0x1a1 ./Core/Src/dma.o
 .debug_macro   0x0000000000000dde       0x2e ./Core/Src/dma.o
 .debug_macro   0x0000000000000e0c       0x28 ./Core/Src/dma.o
 .debug_macro   0x0000000000000e34       0x22 ./Core/Src/dma.o
 .debug_macro   0x0000000000000e56       0x8e ./Core/Src/dma.o
 .debug_macro   0x0000000000000ee4       0x51 ./Core/Src/dma.o
 .debug_macro   0x0000000000000f35      0x103 ./Core/Src/dma.o
 .debug_macro   0x0000000000001038       0x6a ./Core/Src/dma.o
 .debug_macro   0x00000000000010a2      0x1df ./Core/Src/dma.o
 .debug_macro   0x0000000000001281       0x1c ./Core/Src/dma.o
 .debug_macro   0x000000000000129d       0x22 ./Core/Src/dma.o
 .debug_macro   0x00000000000012bf       0xfb ./Core/Src/dma.o
 .debug_macro   0x00000000000013ba     0x1011 ./Core/Src/dma.o
 .debug_macro   0x00000000000023cb      0x11f ./Core/Src/dma.o
 .debug_macro   0x00000000000024ea    0x1a17a ./Core/Src/dma.o
 .debug_macro   0x000000000001c664       0x6d ./Core/Src/dma.o
 .debug_macro   0x000000000001c6d1     0x38e6 ./Core/Src/dma.o
 .debug_macro   0x000000000001ffb7      0x174 ./Core/Src/dma.o
 .debug_macro   0x000000000002012b       0x5c ./Core/Src/dma.o
 .debug_macro   0x0000000000020187     0x159e ./Core/Src/dma.o
 .debug_macro   0x0000000000021725      0x5a5 ./Core/Src/dma.o
 .debug_macro   0x0000000000021cca      0x1b9 ./Core/Src/dma.o
 .debug_macro   0x0000000000021e83      0x18b ./Core/Src/dma.o
 .debug_macro   0x000000000002200e      0x26b ./Core/Src/dma.o
 .debug_macro   0x0000000000022279      0x23d ./Core/Src/dma.o
 .debug_macro   0x00000000000224b6      0x241 ./Core/Src/dma.o
 .debug_macro   0x00000000000226f7      0x37c ./Core/Src/dma.o
 .debug_macro   0x0000000000022a73       0xd6 ./Core/Src/dma.o
 .debug_macro   0x0000000000022b49      0x122 ./Core/Src/dma.o
 .debug_macro   0x0000000000022c6b      0x3ef ./Core/Src/dma.o
 .debug_macro   0x000000000002305a      0x5ba ./Core/Src/dma.o
 .debug_macro   0x0000000000023614       0x44 ./Core/Src/dma.o
 .debug_macro   0x0000000000023658      0x330 ./Core/Src/dma.o
 .debug_macro   0x0000000000023988       0x82 ./Core/Src/dma.o
 .debug_macro   0x0000000000023a0a      0x1c5 ./Core/Src/gpio.o
 .debug_macro   0x0000000000023bcf      0x2dc ./Core/Src/main.o
 .debug_macro   0x0000000000023eab       0x10 ./Core/Src/main.o
 .debug_macro   0x0000000000023ebb       0x2e ./Core/Src/main.o
 .debug_macro   0x0000000000023ee9       0x34 ./Core/Src/main.o
 .debug_macro   0x0000000000023f1d      0x1bb ./Core/Src/stm32l4xx_hal_msp.o
 .debug_macro   0x00000000000240d8      0x1c5 ./Core/Src/stm32l4xx_it.o
 .debug_macro   0x000000000002429d      0x1ac ./Core/Src/system_stm32l4xx.o
 .debug_macro   0x0000000000024449      0x1c5 ./Core/Src/usart.o
 .debug_macro   0x000000000002460e      0x158 ./Core/lwjson/src/lwjson/lwjson.o
 .debug_macro   0x0000000000024766      0x1fa ./Drivers/STM32L4xx_HAL_Driver/Src/stm32l4xx_hal.o
 .debug_macro   0x0000000000024960      0x1ac ./Drivers/STM32L4xx_HAL_Driver/Src/stm32l4xx_hal_cortex.o
 .debug_macro   0x0000000000024b0c      0x1ac ./Drivers/STM32L4xx_HAL_Driver/Src/stm32l4xx_hal_dma.o
 .debug_macro   0x0000000000024cb8      0x1b3 ./Drivers/STM32L4xx_HAL_Driver/Src/stm32l4xx_hal_gpio.o
 .debug_macro   0x0000000000024e6b      0x1d0 ./Drivers/STM32L4xx_HAL_Driver/Src/stm32l4xx_hal_pwr_ex.o
 .debug_macro   0x000000000002503b      0x1ee ./Drivers/STM32L4xx_HAL_Driver/Src/stm32l4xx_hal_rcc.o
 .debug_macro   0x0000000000025229      0x1e2 ./Drivers/STM32L4xx_HAL_Driver/Src/stm32l4xx_hal_rcc_ex.o
 .debug_macro   0x000000000002540b      0x1d7 ./Drivers/STM32L4xx_HAL_Driver/Src/stm32l4xx_hal_uart.o
 .debug_macro   0x00000000000255e2      0x1ac ./Drivers/STM32L4xx_HAL_Driver/Src/stm32l4xx_hal_uart_ex.o

.debug_line     0x0000000000000000     0xe2ea
 .debug_line    0x0000000000000000      0x68f ./Core/Src/dma.o
 .debug_line    0x000000000000068f      0x6bd ./Core/Src/gpio.o
 .debug_line    0x0000000000000d4c      0x9db ./Core/Src/main.o
 .debug_line    0x0000000000001727      0x693 ./Core/Src/stm32l4xx_hal_msp.o
 .debug_line    0x0000000000001dba      0x79e ./Core/Src/stm32l4xx_it.o
 .debug_line    0x0000000000002558      0x72b ./Core/Src/system_stm32l4xx.o
 .debug_line    0x0000000000002c83      0x73e ./Core/Src/usart.o
 .debug_line    0x00000000000033c1       0x88 ./Core/Startup/startup_stm32l476rgtx.o
 .debug_line    0x0000000000003449     0x1319 ./Core/lwjson/src/lwjson/lwjson.o
 .debug_line    0x0000000000004762      0xa84 ./Drivers/STM32L4xx_HAL_Driver/Src/stm32l4xx_hal.o
 .debug_line    0x00000000000051e6      0xc2a ./Drivers/STM32L4xx_HAL_Driver/Src/stm32l4xx_hal_cortex.o
 .debug_line    0x0000000000005e10      0xc62 ./Drivers/STM32L4xx_HAL_Driver/Src/stm32l4xx_hal_dma.o
 .debug_line    0x0000000000006a72      0xaf7 ./Drivers/STM32L4xx_HAL_Driver/Src/stm32l4xx_hal_gpio.o
 .debug_line    0x0000000000007569      0xc7b ./Drivers/STM32L4xx_HAL_Driver/Src/stm32l4xx_hal_pwr_ex.o
 .debug_line    0x00000000000081e4      0xefd ./Drivers/STM32L4xx_HAL_Driver/Src/stm32l4xx_hal_rcc.o
 .debug_line    0x00000000000090e1     0x143c ./Drivers/STM32L4xx_HAL_Driver/Src/stm32l4xx_hal_rcc_ex.o
 .debug_line    0x000000000000a51d     0x3201 ./Drivers/STM32L4xx_HAL_Driver/Src/stm32l4xx_hal_uart.o
 .debug_line    0x000000000000d71e      0xbcc ./Drivers/STM32L4xx_HAL_Driver/Src/stm32l4xx_hal_uart_ex.o

.debug_str      0x0000000000000000    0xe753f
 .debug_str     0x0000000000000000    0xe0e68 ./Core/Src/dma.o
                                      0xe11b9 (size before relaxing)
 .debug_str     0x00000000000e0e68       0xee ./Core/Src/gpio.o
                                      0xe128c (size before relaxing)
 .debug_str     0x00000000000e0f56     0x3b25 ./Core/Src/main.o
                                      0xe47b1 (size before relaxing)
 .debug_str     0x00000000000e4a7b       0x2c ./Core/Src/stm32l4xx_hal_msp.o
                                      0xe0ca9 (size before relaxing)
 .debug_str     0x00000000000e4aa7      0x158 ./Core/Src/stm32l4xx_it.o
                                      0xe10ba (size before relaxing)
 .debug_str     0x00000000000e4bff       0xf2 ./Core/Src/system_stm32l4xx.o
                                      0xe0bb3 (size before relaxing)
 .debug_str     0x00000000000e4cf1      0x305 ./Core/Src/usart.o
                                      0xe19cd (size before relaxing)
 .debug_str     0x00000000000e4ff6       0x6c ./Core/Startup/startup_stm32l476rgtx.o
 .debug_str     0x00000000000e5062      0x19f ./Core/lwjson/src/lwjson/lwjson.o
                                       0x759a (size before relaxing)
 .debug_str     0x00000000000e5201      0x6b1 ./Drivers/STM32L4xx_HAL_Driver/Src/stm32l4xx_hal.o
                                      0xe17b2 (size before relaxing)
 .debug_str     0x00000000000e58b2      0x31d ./Drivers/STM32L4xx_HAL_Driver/Src/stm32l4xx_hal_cortex.o
                                      0xe13fa (size before relaxing)
 .debug_str     0x00000000000e5bcf      0x229 ./Drivers/STM32L4xx_HAL_Driver/Src/stm32l4xx_hal_dma.o
                                      0xe0e1d (size before relaxing)
 .debug_str     0x00000000000e5df8      0x10a ./Drivers/STM32L4xx_HAL_Driver/Src/stm32l4xx_hal_gpio.o
                                      0xe0d2c (size before relaxing)
 .debug_str     0x00000000000e5f02      0x4e3 ./Drivers/STM32L4xx_HAL_Driver/Src/stm32l4xx_hal_pwr_ex.o
                                      0xe110e (size before relaxing)
 .debug_str     0x00000000000e63e5      0x345 ./Drivers/STM32L4xx_HAL_Driver/Src/stm32l4xx_hal_rcc.o
                                      0xe11f9 (size before relaxing)
 .debug_str     0x00000000000e672a      0x3bf ./Drivers/STM32L4xx_HAL_Driver/Src/stm32l4xx_hal_rcc_ex.o
                                      0xe1372 (size before relaxing)
 .debug_str     0x00000000000e6ae9      0x88d ./Drivers/STM32L4xx_HAL_Driver/Src/stm32l4xx_hal_uart.o
                                      0xe18e3 (size before relaxing)
 .debug_str     0x00000000000e7376      0x1c9 ./Drivers/STM32L4xx_HAL_Driver/Src/stm32l4xx_hal_uart_ex.o
                                      0xe10f5 (size before relaxing)

.comment        0x0000000000000000       0x50
 .comment       0x0000000000000000       0x50 ./Core/Src/dma.o
                                         0x51 (size before relaxing)
 .comment       0x0000000000000050       0x51 ./Core/Src/gpio.o
 .comment       0x0000000000000050       0x51 ./Core/Src/main.o
 .comment       0x0000000000000050       0x51 ./Core/Src/stm32l4xx_hal_msp.o
 .comment       0x0000000000000050       0x51 ./Core/Src/stm32l4xx_it.o
 .comment       0x0000000000000050       0x51 ./Core/Src/system_stm32l4xx.o
 .comment       0x0000000000000050       0x51 ./Core/Src/usart.o
 .comment       0x0000000000000050       0x51 ./Core/lwjson/src/lwjson/lwjson.o
 .comment       0x0000000000000050       0x51 ./Drivers/STM32L4xx_HAL_Driver/Src/stm32l4xx_hal.o
 .comment       0x0000000000000050       0x51 ./Drivers/STM32L4xx_HAL_Driver/Src/stm32l4xx_hal_cortex.o
 .comment       0x0000000000000050       0x51 ./Drivers/STM32L4xx_HAL_Driver/Src/stm32l4xx_hal_dma.o
 .comment       0x0000000000000050       0x51 ./Drivers/STM32L4xx_HAL_Driver/Src/stm32l4xx_hal_gpio.o
 .comment       0x0000000000000050       0x51 ./Drivers/STM32L4xx_HAL_Driver/Src/stm32l4xx_hal_pwr_ex.o
 .comment       0x0000000000000050       0x51 ./Drivers/STM32L4xx_HAL_Driver/Src/stm32l4xx_hal_rcc.o
 .comment       0x0000000000000050       0x51 ./Drivers/STM32L4xx_HAL_Driver/Src/stm32l4xx_hal_rcc_ex.o
 .comment       0x0000000000000050       0x51 ./Drivers/STM32L4xx_HAL_Driver/Src/stm32l4xx_hal_uart.o
 .comment       0x0000000000000050       0x51 ./Drivers/STM32L4xx_HAL_Driver/Src/stm32l4xx_hal_uart_ex.o

.debug_frame    0x0000000000000000     0x2ab0
 .debug_frame   0x0000000000000000       0x34 ./Core/Src/dma.o
 .debug_frame   0x0000000000000034       0x34 ./Core/Src/gpio.o
 .debug_frame   0x0000000000000068       0xb8 ./Core/Src/main.o
 .debug_frame   0x0000000000000120       0x38 ./Core/Src/stm32l4xx_hal_msp.o
 .debug_frame   0x0000000000000158      0x158 ./Core/Src/stm32l4xx_it.o
 .debug_frame   0x00000000000002b0       0x58 ./Core/Src/system_stm32l4xx.o
 .debug_frame   0x0000000000000308       0x78 ./Core/Src/usart.o
 .debug_frame   0x0000000000000380      0x218 ./Core/lwjson/src/lwjson/lwjson.o
 .debug_frame   0x0000000000000598      0x498 ./Drivers/STM32L4xx_HAL_Driver/Src/stm32l4xx_hal.o
 .debug_frame   0x0000000000000a30      0x498 ./Drivers/STM32L4xx_HAL_Driver/Src/stm32l4xx_hal_cortex.o
 .debug_frame   0x0000000000000ec8      0x204 ./Drivers/STM32L4xx_HAL_Driver/Src/stm32l4xx_hal_dma.o
 .debug_frame   0x00000000000010cc      0x14c ./Drivers/STM32L4xx_HAL_Driver/Src/stm32l4xx_hal_gpio.o
 .debug_frame   0x0000000000001218      0x584 ./Drivers/STM32L4xx_HAL_Driver/Src/stm32l4xx_hal_pwr_ex.o
 .debug_frame   0x000000000000179c      0x21c ./Drivers/STM32L4xx_HAL_Driver/Src/stm32l4xx_hal_rcc.o
 .debug_frame   0x00000000000019b8      0x2fc ./Drivers/STM32L4xx_HAL_Driver/Src/stm32l4xx_hal_rcc_ex.o
 .debug_frame   0x0000000000001cb4      0x9f4 ./Drivers/STM32L4xx_HAL_Driver/Src/stm32l4xx_hal_uart.o
 .debug_frame   0x00000000000026a8      0x1e0 ./Drivers/STM32L4xx_HAL_Driver/Src/stm32l4xx_hal_uart_ex.o
 .debug_frame   0x0000000000002888       0x2c c:/st/stm32cubeide_1.11.0/stm32cubeide/plugins/com.st.stm32cube.ide.mcu.externaltools.gnu-tools-for-stm32.10.3-2021.10.win32_1.0.200.202301161003/tools/bin/../lib/gcc/arm-none-eabi/10.3.1/../../../../arm-none-eabi/lib/thumb/v7e-m+fp/hard\libc_nano.a(lib_a-init.o)
 .debug_frame   0x00000000000028b4       0x20 c:/st/stm32cubeide_1.11.0/stm32cubeide/plugins/com.st.stm32cube.ide.mcu.externaltools.gnu-tools-for-stm32.10.3-2021.10.win32_1.0.200.202301161003/tools/bin/../lib/gcc/arm-none-eabi/10.3.1/../../../../arm-none-eabi/lib/thumb/v7e-m+fp/hard\libc_nano.a(lib_a-memset.o)
 .debug_frame   0x00000000000028d4       0x28 c:/st/stm32cubeide_1.11.0/stm32cubeide/plugins/com.st.stm32cube.ide.mcu.externaltools.gnu-tools-for-stm32.10.3-2021.10.win32_1.0.200.202301161003/tools/bin/../lib/gcc/arm-none-eabi/10.3.1/../../../../arm-none-eabi/lib/thumb/v7e-m+fp/hard\libc_nano.a(lib_a-strncmp.o)
 .debug_frame   0x00000000000028fc       0xac c:/st/stm32cubeide_1.11.0/stm32cubeide/plugins/com.st.stm32cube.ide.mcu.externaltools.gnu-tools-for-stm32.10.3-2021.10.win32_1.0.200.202301161003/tools/bin/../lib/gcc/arm-none-eabi/10.3.1/thumb/v7e-m+fp/hard\libgcc.a(_arm_addsubdf3.o)
 .debug_frame   0x00000000000029a8       0x2c c:/st/stm32cubeide_1.11.0/stm32cubeide/plugins/com.st.stm32cube.ide.mcu.externaltools.gnu-tools-for-stm32.10.3-2021.10.win32_1.0.200.202301161003/tools/bin/../lib/gcc/arm-none-eabi/10.3.1/thumb/v7e-m+fp/hard\libgcc.a(_aeabi_uldivmod.o)
 .debug_frame   0x00000000000029d4       0x28 c:/st/stm32cubeide_1.11.0/stm32cubeide/plugins/com.st.stm32cube.ide.mcu.externaltools.gnu-tools-for-stm32.10.3-2021.10.win32_1.0.200.202301161003/tools/bin/../lib/gcc/arm-none-eabi/10.3.1/thumb/v7e-m+fp/hard\libgcc.a(_fixsfdi.o)
 .debug_frame   0x00000000000029fc       0x2c c:/st/stm32cubeide_1.11.0/stm32cubeide/plugins/com.st.stm32cube.ide.mcu.externaltools.gnu-tools-for-stm32.10.3-2021.10.win32_1.0.200.202301161003/tools/bin/../lib/gcc/arm-none-eabi/10.3.1/thumb/v7e-m+fp/hard\libgcc.a(_fixunssfdi.o)
 .debug_frame   0x0000000000002a28       0x34 c:/st/stm32cubeide_1.11.0/stm32cubeide/plugins/com.st.stm32cube.ide.mcu.externaltools.gnu-tools-for-stm32.10.3-2021.10.win32_1.0.200.202301161003/tools/bin/../lib/gcc/arm-none-eabi/10.3.1/thumb/v7e-m+fp/hard\libgcc.a(_udivmoddi4.o)
 .debug_frame   0x0000000000002a5c       0x30 c:/st/stm32cubeide_1.11.0/stm32cubeide/plugins/com.st.stm32cube.ide.mcu.externaltools.gnu-tools-for-stm32.10.3-2021.10.win32_1.0.200.202301161003/tools/bin/../lib/gcc/arm-none-eabi/10.3.1/thumb/v7e-m+fp/hard\libgcc.a(_arm_muldf3.o)
 .debug_frame   0x0000000000002a8c       0x24 c:/st/stm32cubeide_1.11.0/stm32cubeide/plugins/com.st.stm32cube.ide.mcu.externaltools.gnu-tools-for-stm32.10.3-2021.10.win32_1.0.200.202301161003/tools/bin/../lib/gcc/arm-none-eabi/10.3.1/thumb/v7e-m+fp/hard\libgcc.a(_arm_fixunsdfsi.o)
